https://youtu.be/mBYSUUnMt9M?t=7958  test 1 Conflicto
Se puede fusionar una rama con otra para incluir los datos de una en otra
Combinar diferentes lineas de programacon
Para fusionar ramas se debe estar en la rama que recibira la fusionar
## Fusionar ramas
    estando en main en repositorio local

    1 Creamos una rama llamada js

        
        ***(main)
        $ git branch js
    2 Cambiamos a la rama creada

        *** (main)
        $ git checkout js
        Switched to branch 'js'
    3 Comprobamos que se ha copiado de la rama principal todos los archivos
    ***(js)
      $ ls
        README.md                              estado-stage.txt
        agregar-archivo-repositorio.txt        fusionar-ramas-git.txt
        clonar-repos-remoto.txt                git-status.txt
        comandos-gitbash.txt                   modificar-commit.txt
        crear-un-commit.txt                    ocultar-correo-en-github.txt
        crear-un-repositorio.txt               ramas-en-git.txt
        enviar-cambios-a-github-push.txt       traer-cambios-con-pull-desde-remoto.txt
        enviar-repositorio-local-a-github.txt  tres-areas-de-git.txtnflictos al fusionar ramas 
    4 Guardamos este archivo  en js . Lo añadimos al estado stage y estado commit y cerramos
    5 Hacemos cambios en el archivo fusionar-ramas.git.txt en rama js Añadimos en primera linea test y otros cambios .Guardamos y cerramos   
    6 Añadimos estado stage
        ***mi-primer-repositorio (js)
            $ git add fusionar-ramas-git.txt

            ***primer-repositorio (js)
    7 Vemos el estado del repositorio 
            $ git status
            On branch js
            Changes to be committed:
            (use "git restore --staged <file>..." to unstage)
                    modified:   fusionar-ramas-git.txt
    8 Añadimos estado commit en el repositorio

            ***-repositorio (js)
            $ git commit
            [js aa50187] test en 1 linea
            1 file changed, 24 insertions(+), 4 deletions(-)
    9 Cambiamos a rama main del repositorio
            ***-primer-repositorio (js)
            $ git checkout main
            Switched to branch 'main'
            Your branch is ahead of 'origin/main' by 5 commits.
            (use "git push" to publish your local commits)
    10 Fusionamos las ramas main y js . Estamos en main del repositoro mi-primer-repositorio
            ***/mi-primer-repositorio (main)
            $ git merge js
            Updating 3953343..aa50187
            Fast-forward
            fusionar-ramas-git.txt | 28 ++++++++++++++++++++++++----
            1 file changed, 24 insertions(+), 4 deletions(-)
    11   Comprobamos los commits
            **/mi-primer-repositorio (main)
        $ git log
        commit aa501875a8cb26c43f6da1a11fc414a2223db93f (HEAD -> main, js)
        Author: Manue <***.noreply.github.com>
        Date:   Mon Feb 12 18:55:34 2024 +0100

            test en 1 linea
12 Añadimos a la etapa stage el cambio del archivo
    ***rimer-repositorio (main)
    $ git add fusionar-ramas-git.txt
13 Pasamos estado commit del repositorio
    ***mi-primer-repositorio (main)
    $ git commit
    [main a93d7b8] test 1 Conflicto
    1 file changed, 42 insertions(+), 1 deletion(-)
14 Fusionamos las ramas
    ***(main)
    $ git merge js
    Already up to date.
15 Cambiamos al repositorio js
    ***mi-primer-repositorio (main)
    $ git checkout js
    Switched to branch 'js'
16 Comprobamos el listado del repositorio
    ***mi-primer-repositorio (js)
    $ ls
    README.md                              estado-stage.txt
    agregar-archivo-repositorio.txt        fusionar-ramas-git.txt
    clonar-repos-remoto.txt                git-status.txt
    comandos-gitbash.txt                   modificar-commit.txt
    crear-un-commit.txt                    ocultar-correo-en-github.txt
    crear-un-repositorio.txt               ramas-en-git.txt
    enviar-cambios-a-github-push.txt       traer-cambios-con-pull-desde-remoto.txt
    enviar-repositorio-local-a-github.txt  tres-areas-de-git.txt
17 Pasamos al estado stage
    ***/mi-primer-repositorio (js)
    $ git add fusionar-ramas-git.txt
18 Comentamos el repositorio
    ***mi-primer-repositorio (js)
    $ git commit
    [js 97d4c4d] 9  prueba
    1 file changed, 1 insertion(+), 1 deletion(-)
19 Cambiamos al repositorio main
     ***-primer-repositorio (js)
    $ git checkout main
    Switched to branch 'main'
    Your branch is ahead of 'origin/main' by 7 commits.
    (use "git push" to publish your local commits)
20 Vemos que aparece conflicto en la fusion
     ***repositorio (main)
    $ git merge js
    Auto-merging fusionar-ramas-git.txt
    CONFLICT (content): Merge conflict in fusionar-ramas-git.txt
    Automatic merge failed; fix conflicts and then commit the result.

21   Tenemos que arreglar el conflicto
    1 Vamos a vs code editor y vemos en el botón de abajo a la derecha resolver merge.
    2 Tenemos varias opciones para arreglar el conflicto Incoming, Current Result.
        A EN Incoming tenemos Accept Incoming,Accept combination
        B En Current tenemos las mismas opciones 
        C En result tenemos el resultado 
    D Cuando tengamos los cambios deseados nos mostrara 0 conflictos si no los 
    hay.
    E click en complete Merge abajo a la derecha.
    3 En gitbash podemos ver ***-repositorio (main|MERGING)
    Escribimos :   $ git merge --continue
    hint: Waiting for your editor to close the file...  

    4 Abrimos el editor y en COMMIT_EDITMSG APARECE Merge Branch ‘js’. Guardamos y cerramos. Aparece MERGING)
    $ git merge --continue
22  Acabado la fusion con conflicto.

