https://youtu.be/mBYSUUnMt9M?t=12932 
1 Guardamos este archivo .El punto del archivo se convierte en una x.
2 Comprobamos estado
   ***(main)
    $ git status
    On branch main
    Your branch is ahead of 'origin/main' by 14 commits.
    (use "git push" to publish your local commits)

    Untracked files:
    (use "git add <file>..." to include in what will be committed)
            gh03-crear-commit-reposit-conado.txt

    nothing added to commit but untracked files present (use "git add" to track)
3 Cambiamos estado a stage 
    ***(main)
    $ git add gh03-crear-commit-reposit-conado.txt
3 Vemos el estado del repositorio
    ***(main)
    $ git status
    On branch main
    Your branch is ahead of 'origin/main' by 14 commits.
    (use "git push" to publish your local commits)

    Changes to be committed:
    (use "git restore --staged <file>..." to unstage)
            new file:   gh03-crear-commit-reposit-conado.txt

    Changes not staged for commit:
    (use "git add <file>..." to update what will be committed)
    (use "git restore <file>..." to discard changes in working directory)
            modified:   gh03-crear-commit-reposit-conado.txt
 
    * Tenemos en este momnento 14 coomits para actualizar en el repsoirtorio remoto

4 Quitamos del estado stage este archivo
    ***(main)
    $ git restore --staged gh03-crear-commit-reposit-conado.txt
5 Hemos quitado de estago stage este archivo . Lo volvemos a poner estado stage y commit
    ***  (main)
    $ git commit
    hint: Waiting for your editor to close the file...

    * Vamos a editor vs code y escribimos el commit. Guardamos y cerramos
    * Al cerrar no viene lo siguiente
        [main d8c24c5] gh03-crear-commit-reposit-conado.txt 01
        1 file changed, 39 insertions(+)
        create mode 100644 gh03-crear-commit-reposit-conado.txt
6 Vemos los commits creados con git log
        commit d8c24c52d3a272148e2cd34720d35e449153ffc3 (HEAD -> main)
    Author: Manuel Marquez Gabardino <*****+email@users.noreply.github.com>
    Date:   Mon Feb 12 22:57:29 2024 +0100

        gh03-crear-commit-reposit-conado.txt 01
            *Tenemos un origin con fetch y otro con push
7 Vemos el nombre que se le dio al repositorio remoto con git remote
    ***(main)
    $ git remote
    origin

    *vemos que al repositorio tiene el nombre de origin
8 Ver de forma mas especfica el repositorio remoto con git remote -vemos
    ***(main)
    $ git remote -v
    origin  https://github.com/email/mi-primer-repositorio.git (fetch)
    origin  https://github.com/email/mi-primer-repositorio.git (push)
 
    *Tenemos un origin con fetch y otro con push
    * Con fetch traemos todos los cambios del repositorio del remoto al local y push al reves
    * El email https://github.com/email/mi-primer-repositorio.git lo cogimos del repositorio remoto

9 Enviamos los cambios a github con push . Tendremos en el local y remoto la misma informacion

10 si trato de enviar a repositorio remoto con push me sale
  mensaje advertencia de connect to Github solicitando sign in

### OCULTAR TU CORREO EN GITHUB

10 para entrar hay que generar token seguridad
11 voy a github a mi cuenta
12 click derecha superoior en mi cuenta email voy abajo y click en settings
13 parte dizquierda .Vamos abajo y click Developer settings
14 Click Personal access tokens
15 Click token classic
16 Click Generate personal access token
ponemos expiration 90 dias
Select scopes :marcamos repositorio y gist
Vamos abajo click generate token
"Son muchos caracteres" 
Copiamos y guardamos en ligar seguro la clave
17 volvemos a settings developer settings personal access token  tokens classic aparece el token con denominacion aprendiendo-github
podemos borrar  Escritorio
18 ingresamos el codigo del token copiado
=======

### INTENTAR ENVIAR CAMBIOS A GITHUB https://youtu.be/mBYSUUnMt9M?t=13644

19 Queremos enviar a la rama origin del remoto nuestro repositorio local main

20 Comprobamos si es origin el nombre de la rama remota con git remote 

  ***(main)
    $ git remote
    origin

21 Vemos como podemos transferir informacion entre local y remoto con git remote -vemos

    ***(main)
    $ git remote -v
    origin  https://github.com/mmargabgit/mi-primer-repositorio.git (fetch)
    origin  https://github.com/mmargabgit/mi-primer-repositorio.git (push)

22 Intentamos enviar nuestro repositorio local al remoto con git push
$ git push origin main
Everything up-to-date

